== A. scored cells, raw and normalised quantiles
   n   | with_irr | irr_min | irr_med | irr_max | irrn_min | irrn_max | sl_med | sl_p95 | sl_p99 | sl_max | gt2  | gt3  | gt5 
-------+----------+---------+---------+---------+----------+----------+--------+--------+--------+--------+------+------+-----
 71577 |    71556 |  1100.5 |  1123.7 |  1137.0 |    0.242 |    0.419 |   0.72 |   2.27 |   3.31 |   6.80 | 5391 | 1155 |  39

== B. stored score quantiles
  mn   |  p5   |  med  |  p95  |  mx   
-------+-------+-------+-------+-------
 0.350 | 0.563 | 0.634 | 0.684 | 0.982

== C. unsuitable cells by irradiation weight share w (slope 1-w), slope bound B deg, threshold t
  w   |  b   |  t  | unsuitable |  pct  
------+------+-----+------------+-------
 0.25 |  5.0 | 0.4 |       1267 |   1.8
 0.25 |  5.0 | 0.5 |       3574 |   5.0
 0.25 |  5.0 | 0.6 |       9992 |  14.0
 0.25 |  5.0 | 0.7 |      27289 |  38.1
 0.25 | 10.0 | 0.4 |          8 |   0.0
 0.25 | 10.0 | 0.5 |         65 |   0.1
 0.25 | 10.0 | 0.6 |        835 |   1.2
 0.25 | 10.0 | 0.7 |       6726 |   9.4
 0.25 | 15.0 | 0.4 |          0 |   0.0
 0.25 | 15.0 | 0.5 |          0 |   0.0
 0.25 | 15.0 | 0.6 |         45 |   0.1
 0.25 | 15.0 | 0.7 |       1566 |   2.2
  0.5 |  5.0 | 0.4 |       1566 |   2.2
  0.5 |  5.0 | 0.5 |       7648 |  10.7
  0.5 |  5.0 | 0.6 |      36054 |  50.4
  0.5 |  5.0 | 0.7 |      71518 |  99.9
  0.5 | 10.0 | 0.4 |          8 |   0.0
  0.5 | 10.0 | 0.5 |        423 |   0.6
  0.5 | 10.0 | 0.6 |      12433 |  17.4
  0.5 | 10.0 | 0.7 |      71440 |  99.8
  0.5 | 15.0 | 0.4 |          0 |   0.0
  0.5 | 15.0 | 0.5 |         11 |   0.0
  0.5 | 15.0 | 0.6 |       4165 |   5.8
  0.5 | 15.0 | 0.7 |      71310 |  99.6
 0.75 |  5.0 | 0.4 |       4165 |   5.8
 0.75 |  5.0 | 0.5 |      54894 |  76.7
 0.75 |  5.0 | 0.6 |      71556 | 100.0
 0.75 |  5.0 | 0.7 |      71556 | 100.0
 0.75 | 10.0 | 0.4 |        251 |   0.4
 0.75 | 10.0 | 0.5 |      43234 |  60.4
 0.75 | 10.0 | 0.6 |      71556 | 100.0
 0.75 | 10.0 | 0.7 |      71556 | 100.0
 0.75 | 15.0 | 0.4 |         63 |   0.1
 0.75 | 15.0 | 0.5 |      36968 |  51.6
 0.75 | 15.0 | 0.6 |      71556 | 100.0
 0.75 | 15.0 | 0.7 |      71556 | 100.0

== D. score variance share: var of each weighted component (w=0.5, B=10)
 var_irr_part | var_slope_part | corr_irr_slope 
--------------+----------------+----------------
      0.00038 |        0.00122 |          0.158

== E. eingeschraenkt vs vorgesehen among scored cells
      tier      | count 
----------------+-------
 eingeschraenkt | 12139
 vorgesehen     | 59438

