--- D. dominant CLC5 class per cell
 clc18 | cells |  pct  | mean_share 
-------+-------+-------+------------
   211 | 61168 | 52.20 |      0.951
   312 | 17363 | 14.82 |      0.900
   231 | 13181 | 11.25 |      0.858
   311 |  8047 |  6.87 |      0.832
   512 |  3966 |  3.38 |      0.854
   112 |  3317 |  2.83 |      0.781
   313 |  3224 |  2.75 |      0.765
   321 |  2217 |  1.89 |      0.860
   121 |  1453 |  1.24 |      0.819
   411 |  1123 |  0.96 |      0.770
   324 |   630 |  0.54 |      0.712
   322 |   490 |  0.42 |      0.907
   142 |   439 |  0.37 |      0.757
   511 |   165 |  0.14 |      0.622
   141 |    78 |  0.07 |      0.734
   131 |    73 |  0.06 |      0.818
   132 |    60 |  0.05 |      0.787
   122 |    59 |  0.05 |      0.695
   222 |    40 |  0.03 |      0.785
   111 |    31 |  0.03 |      0.730
   124 |    25 |  0.02 |      0.778
   412 |    22 |  0.02 |      0.710
   333 |    10 |  0.01 |      0.797
   123 |     7 |  0.01 |      0.641
   331 |     3 |  0.00 |      0.922
(25 rows)

--- dominant class covers < half the cell
 cells  | lt_half | pct_lt_half | lt_full | pct_lt_full | min_share 
--------+---------+-------------+---------+-------------+-----------
 117191 |    1965 |        1.68 |   46774 |       39.91 |     0.291
(1 row)

--- E. pv_slope (degrees, DGM200 value at cell centre)
   n    |  min  |  p50  |  p95  |  p99  |  max  | gt5 | pct_gt5 | gt10 | pct_gt10 | eq0 
--------+-------+-------+-------+-------+-------+-----+---------+------+----------+-----
 117191 | 0.000 | 0.699 | 2.413 | 3.538 | 7.187 | 146 |   0.125 |    0 |    0.000 |   0
(1 row)

